2026-03-08 11:41:26+0800: Running with following config:
logDir = /home/peterc20/opencode/go-game/katago/logs
maxVisits = 500
nnCacheSizePowerOfTwo = 18
nnMaxBatchSize = 16
nnMutexPoolSizePowerOfTwo = 14
nnRandomize = true
numAnalysisThreads = 2
numSearchThreads = 4
reportAnalysisWinratesAs = SIDETOMOVE

2026-03-08 11:41:26+0800: Analysis Engine starting...
2026-03-08 11:41:26+0800: KataGo v1.16.4
2026-03-08 11:41:26+0800: nnRandSeed0 = 18314004284411534239
2026-03-08 11:41:26+0800: After dedups: nnModelFile0 = /home/peterc20/opencode/go-game/katago/model.bin useFP16 auto useNHWC auto
2026-03-08 11:41:26+0800: Initializing neural net buffer to be size 19 * 19 allowing smaller boards
2026-03-08 11:41:27+0800: Eigen (CPU) backend thread 1: Model version 8
2026-03-08 11:41:27+0800: Eigen (CPU) backend thread 1: Model name: g170-b20c256x2-s5303129600-d1228401921
2026-03-08 11:41:27+0800: Eigen (CPU) backend thread 2: Model version 8
2026-03-08 11:41:27+0800: Eigen (CPU) backend thread 2: Model name: g170-b20c256x2-s5303129600-d1228401921
2026-03-08 11:41:27+0800: Eigen (CPU) backend thread 5: Model version 8
2026-03-08 11:41:27+0800: Eigen (CPU) backend thread 5: Model name: g170-b20c256x2-s5303129600-d1228401921
2026-03-08 11:41:27+0800: Eigen (CPU) backend thread 4: Model version 8
2026-03-08 11:41:27+0800: Eigen (CPU) backend thread 4: Model name: g170-b20c256x2-s5303129600-d1228401921
2026-03-08 11:41:27+0800: Eigen (CPU) backend thread 3: Model version 8
2026-03-08 11:41:27+0800: Eigen (CPU) backend thread 3: Model name: g170-b20c256x2-s5303129600-d1228401921
2026-03-08 11:41:27+0800: Eigen (CPU) backend thread 0: Model version 8
2026-03-08 11:41:27+0800: Eigen (CPU) backend thread 0: Model name: g170-b20c256x2-s5303129600-d1228401921
2026-03-08 11:41:29+0800: Loaded config /home/peterc20/opencode/go-game/katago/analysis_cpu.cfg
2026-03-08 11:41:29+0800: Loaded model /home/peterc20/opencode/go-game/katago/model.bin
2026-03-08 11:41:29+0800: Analyzing up to 2 positions at a time in parallel
2026-03-08 11:41:29+0800: Started, ready to begin handling requests
2026-03-08 11:41:31+0800: Warning: {"field":"maxTime","id":"q1","warning":"Unexpected or unused field, do you have a typo? (set warnUnusedFields=false in the config to disable this warning)"}
